// Jest Snapshot v1, https://goo.gl/fbAQLP

exports[`TotalBox component should render successfully with mock data and isRedemption = true 1`] = `
<View
  style={
    {
      "alignItems": "center",
      "width": "100%",
    }
  }
>
  <View
    style={
      {
        "backgroundColor": "#334FFA",
        "borderRadius": 20,
        "height": 143,
        "paddingLeft": 18,
        "paddingRight": 18,
        "paddingTop": 21,
        "shadowOffset": {
          "height": 6,
        },
        "shadowOpacity": 0.5,
        "shadowRadius": 4,
        "width": 286,
      }
    }
  >
    <Text
      style={
        {
          "color": "#FFF",
          "fontFamily": "Avenir",
          "fontSize": 16,
          "fontStyle": "normal",
          "fontWeight": "800",
          "lineHeight": 22,
        }
      }
    >
      Diciembre
    </Text>
    <View
      style={
        {
          "alignItems": "flex-start",
          "justifyContent": "center",
          "width": "100%",
        }
      }
    >
      <Text
        style={
          {
            "color": "#FFF",
            "fontFamily": "Avenir",
            "fontSize": 32,
            "fontStyle": "normal",
            "fontWeight": "800",
            "justifyContent": "center",
            "lineHeight": 44,
            "marginTop": 7,
            "textAlign": "center",
            "width": "100%",
          }
        }
      >
        100
        .00 pts
      </Text>
    </View>
  </View>
</View>
`;
